{% extends 'base.html' %}
{% load static %}
{% block content %}

{% include 'partials/_busca.html' %}

{% include 'partials/_menu.html' %}


<!-- ##### Best Receipe Area Start ##### -->
<section class="best-receipe-area">
    <div class="container">
        <div class="row">
            {% if produtos %}
            {% for produto in produtos %}
            <!-- Single Best Receipe Area -->
            <div class="col-12 col-md-4">
                <div class="single-best-receipe-area mb-30">
                    {% if produto.foto_produto == '' %}
                        <img src="{% static 'img/login-img/goldenComLogo.jpeg' %}" alt="">
                    {% else %}
                        <img src="{{ produto.foto_produto.url }}" alt="">
                    {% endif %}
                    <div class="col-12 col-md-12">
                        <div class="receipe-content">
                            <p align="justify" style="color:black">Nome do produto: {{ produto.nome_produto}}</p>
                            <p align="justify" style="color:black">Lançamento: {{ produto.data_produto }}</p>
                            <p align="justify" style="color:black">Descrição: {{ produto.descricao }}</p>
                            <p align="justify" style="color:black">Valor do produto: {{ produto.preco }}</p>
                            
                            <div class="form-group">
                                <input class="form-control border border-dark" name="quantity" type="number"
                                    title="Quantidade de unidades" placeholder="Seleciore a quantidade desejada">
                            </div>
                            

                            <a href="{% url 'carrinho' %}">
                                <p align="justify">
                                    <button class="btn btn-outline-dark border border-dark btn-block" 
                                    type="submit">Adicionar ao carrinho <i class="fa fa-cart-arrow-down" 
                                    aria-hidden="true"></i></button>
                                </p>
                            </a>
                        </div>
                    </div>
                </div>
            </div>
            {% endfor %}
            {% else %}
            <div class="alert alert-danger" role="alert">
                ATENÇÂO!!! Produtos não encontrados
            </div>
            {% endif %}
        </div>
    </div>
</section>
<!-- ##### Best Receipe Area End ##### -->

<!-- ##### Pagination ##### -->
<section class="top-catagory-area section-padding-20-0" style="color:black">
    <div class="container" >
        {% if produtos.has_other_pages %}
        <ul class="pagination justify-content-center" style="color:black">
            {% if produtos.has_previous %}
            <li class="page-item" style="color:black">
                <a href="?page={{ produtos.previous_page_number }}" class="page-link">&laquo;</a>
            </li>
            {% else %}
            <li class="page-item disabled" style="color:black">
                <a class="page-link" style="color:black">&laquo;</a>
            </li>
            {% endif %}
            {% for pagina in produtos.paginator.page_range %}
            {% if produtos.number == pagina %}
            <li class="page-item active " style="color:black">
                <a class="page-link" style="color:black">{{ pagina }}</a>
            </li>
            {% else %}
            <li class="page-item" style="color:black">
                <a href="?page={{ pagina }}" class="page-link btn btn-outline-dark" style="color:black">{{ pagina }}</a>
            </li>
            {% endif %}
            {% endfor %}
            {% if produtos.has_next %}
            <li class="page-item" style="color:black">
                <a href="?page={{ produtos.next_page_number }}" style="color:black" class="page-link btn btn-outline-dark">&raquo;</a>
            </li>
            {% else %}
            <li class="page-item disabled" style="color:black">
                <a class="page-link" style="color:black">&raquo;</a>
            </li>
            {% endif %}
        </ul>
        {% endif %}
    </div>
</section>
<!-- ##### Pagination End ##### -->

<script>
    function exibirTelaHome()
    {
            location.href = "{% url 'index' %}";
    }
    </script>

{% include 'partials/_footer.html' %}
{% endblock %}