{% extends 'base.html' %}
{% load static %}
{% block content %}

    <!-- Preloader -->
    <div id="preloader" >
        <i class="circle-preloader" ></i>
        <img src="{% static 'img/core-img/spinner.png' %}" alt="">
    </div>

    {% include 'partials/_busca.html' %}

    {% include 'partials/_menu.html' %}

    <!-- ##### Best Receipe Area Start ##### -->
    <section class="best-receipe-area">
        <div class="container">
            <div class="row">
                {% if categorias %}
                {% for categoria in categorias %}
                <!-- Single Best Receipe Area -->
                <div class="col-12 col-sm-6 col-lg-4">
                    <div class="single-best-receipe-area mb-30">
                        {% if categoria.foto_categoria == '' %}
                            <img src="{% static 'img/login-img/goldenComLogo.jpeg' %}" alt="">
                        {% else %}
                            <img src="{{ categoria.foto_categoria.url }}" alt="">
                        {% endif %}
                        <div class="receipe-content">
                        <a href="{% url 'produto' categoria.id%}">
                            <button class="btn btn-success" type="submit"><i class="fa fa-list" aria-hidden="true"></i> {{ categoria.nome_categoria}}</button>
                        </a>
                        </div>
                    </div>
                </div>
                {% endfor %}
                {% endif %}
            </div>
        </div>
    </section>
    <!-- ##### Best Receipe Area End ##### -->

    {% include 'partials/_footer.html' %}
{% endblock %}