{% extends 'base.html' %} 
{% load static %} 
{% block content %} 

{% include 'partials/_busca.html' %} 
{% include 'partials/_menu.html' %}

<!-- ##### Contact Form Area Start ##### -->
<div class="contact-area section-padding-0-80">
  <div class="container">
    <div class="row">
      <div class="col-12">
        <div class="contact-form-area">
            <div class="alert alert-success text-dark border border-dark" role="alert">
              <h4 class="alert-heading text-center">
                Realize o seu
                <i class="fa fa-sign-in" aria-hidden="true"></i>
                Login no site da GOLDEN BEAR COMPANY
                <i class="fa fa-registered" aria-hidden="true"> </i>
              </h4>

              <p style="color: black;">
                A sua loja digital e personalizada da GOLDEN BEAR COMPANY. Aqui
                você encontrará camisas, calças, blusas, acessórios, bonés e
                chaveiros. Fique à vontade para entrar em contato conosco!
              </p>

              <hr />

              <p class="mb-0" style="color: black;">
                Todos os dados a seguir serão obrigatórios para realizar login
                no site da GOLDEN BEAR COMPANY
                <i class="fa fa-paw" aria-hidden="true"></i>
              </p>
            </div>
            {% include 'partials/_alertas.html' %}
            <form class="ls-form ls-form-horizontal" action="{% url 'login' %}" method="POST" data-toggle="validator" role="form">
            {% csrf_token %}
            <div class="row form-group">
              <div class="col-12 col-lg-12 ls-prefix-group">
                <label for="email"
                  ><b>Email
                    <i
                      class="fa fa-envelope"
                      style="color: black;"
                      aria-hidden="true"
                    ></i></b
                ></label>
                <input
                  type="text"
                  id="email"
                  class="form-control border border-dark rounded"
                  name="email"
                  placeholder="Digite seu e-mail para realizar o login..."
                  title="Digite o seu e-mail cadastrado no sistema para realizar o login no site da Golden Bear Company."
                  required="True"
                />
              </div>

              <div class="col-12 col-lg-12 ls-prefix-group">
                <label for="senha"
                  ><b>
                    Senha <i class="fa fa-key fa-fw" aria-hidden="true"></i></b
                ></label>
                <input
                  id="senha"
                  type="password"
                  class="form-control border border-dark rounded"
                  name="senha"
                  placeholder="Digite sua senha para realizar o login..."
                  title="Digite sua senha cadastrada no sistema para realizar o login no site da Golden Bear Company."
                  required="True"
                />
                <p>
                  <small style="color: black;" id="passwordHelpBlock" class="form-text text-dark">
                    <strong style="color: black;">Atenção:</strong>  Senha deve conter de oito (8) a trinta (30) caracteres pelo menos um número, uma letra maiúscula, 
                    uma minúscula e não deve conter espaços ou emoji.
                  </small>
                </p>
              </div>

              <div class="col-12 col-lg-6 input-group col-md-4 f-left form-group">
                <div class="checkbox">	    
                  <label>	      
                    <input type="checkbox" data-error="Você deve marcar este campo!" required> Marque este item, para validar o formulário de cadastro e criar sua conta.	    
                  </label>
                  <div class="help-block with-errors"></div>	  
                </div>
              </div>

              <div class="col-12 text-center">
                <button
                  class="btn btn-outline-dark border border-dark btn-block"
                  type="submit"
                >
                  Acessar sua conta
                </button>
                <button
                  class="btn btn-outline-dark border border-dark btn-block"
                  type="button"
                  onclick="exibirCriarConta()"
                >
                  Ainda não tem conta? Clique aqui
                </button>
                <button
                  class="btn btn-outline-dark border border-dark btn-block"
                  type="button"
                  onclick="exibirRecuperarSenha()"
                >
                  Recuperar senha
                </button>
              </div>
            </div>
          </form>
        </div>
      </div>
    </div>
  </div>
</div>

<script>
  function exibirCriarConta() {
    location.href = "{% url 'cadastro' %}";
  }

  function exibirRecuperarSenha() {
    location.href = "{% url 'password_reset' %}";
  }
</script>

{% include 'partials/_footer.html' %} {% endblock %}
