{% autoescape off %}
Para iniciar o processo de redefinição de senha para sua conta {{ user.email }},
clique no link abaixo:

{{ protocol }}://{{ domain }}{% url 'password_reset_confirm' uidb64=uid token=token %}

Se clicar no link acima e não funcionar, copie e cole o URL em um novo navegador.

Atenciosamente,
Golden Bear Company
{% endautoescape %}
