{% extends 'base.html' %}
{% load static %}
{% block content %}

{% include 'partials/_menu.html' %}

<style type="text/css">
  .form-signin {
    width: 100%;
    max-width: 330px;
    padding: 15px;
    margin: auto;
  }
  .form-signin .checkbox {
    font-weight: 400;
  }
  .form-signin .form-control {
    position: relative;
    box-sizing: border-box;
    height: auto;
    padding: 10px;
    font-size: 16px;
  }
  .form-signin .form-control:focus {
    z-index: 2;
  }
  .form-signin input[type="email"] {
    margin-bottom: 10px;
    border-bottom-right-radius: 0;
    border-bottom-left-radius: 0;
  }

  .h3{
    text-align: center;
  }
</style>

<div class="contact-area section-padding-0">
  <div class="container">
    <div class="row">
      <div class="col-12">
        <div class="alert alert-success text-dark text-center" role="alert">
          <h4 class="alert-heading">Prezado usuário, redefina sua senha no site da GOLDEN BEAR COMPANY 
              <i class="fa fa-registered" aria-hidden="true"></i></h4>

          <p style="color:black">A sua loja digital, personalizada da GOLDEN BEAR COMPANY, onde você encontrará camisas, 
              calças, blusas, acessórios, bonés e chaveiros, fique a vontade para entrar em contato conosco! 
          </p>

          <hr/>
          
          <p class="mb-0" style="color:black">ATENÇÃO!!! Todos os dados a seguir 
              serão obrigatórios para realizar a redefinição da sua senha no site da GOLDEN BEAR COMPANY 
              <i class="fa fa-paw" aria-hidden="true"></i></p>
        </div>


        <form method="POST" class="form-signin">{% csrf_token %}
          <h1 class="h3 mb-3 font-weight-normal">Redefinir senha</h1>
            <input name="email" class="form-control border border-dark rounded" placeholder="Digite seu e-mail" type="email" id="id_email" required="true">
          <button class="btn btn-lg btn btn-outline-dark border border-dark btn-block" type="submit">Enviar e-mail de redefinição</button>  
        </form>

      </div>
    </div>
  </div>
</div>


{% include 'partials/_footer.html' %}
{% endblock %}