{% extends 'base.html' %}
{% load static %}
{% block content %}


<style type="text/css">
  .form-signin {
    width: 100%;
    max-width: 330px;
    padding: 15px;
    margin: auto;
  }

  .form-signin .checkbox {
    font-weight: 400;
  }

  .form-signin .form-control {
    position: relative;
    box-sizing: border-box;
    height: auto;
    padding: 10px;
    font-size: 16px;
  }

  .form-signin .form-control:focus {
    z-index: 2;
  }

  .form-signin input[type="password"] {
    margin-bottom: 10px;
    border-bottom-right-radius: 0;
    border-bottom-left-radius: 0;
  }

  .h3 {
    text-align: center;
  }
</style>

<br><br><br>

<div class="contact-area section-padding-0">
  <div class="container">
    <div class="row">
      <div class="col-12">

        <div class="alert alert-success text-dark text-center" role="alert">
          <h4 class="alert-heading">Prezado, {{ user.first_name }} {{ user.last_name }}
          </h4>
          <p style="color:black">A loja digital e personalizada da GOLDEN BEAR COMPANY. Aqui você encontrará camisas,
            calças, blusas, acessórios, bonés e chaveiros. Fique à vontade para entrar em contato conosco!
          </p>

          <hr />

          <p class="mb-0" style="color:black">Todos os dados a seguir
            serão obrigatórios para a atualização de sua senha no site da GOLDEN BEAR COMPANY
            <i class="fa fa-paw" aria-hidden="true"></i>
          </p>

          <hr />

          <p class="mb-0" style="color:black">Para a atualização de sua nova senha ela deve conter no mínimo 8
            caracteres,
            entre eles, letras maiúsculas, números e caracteres especiais.<br> Por exemplo: Ful@no99*!
          </p>

        </div>

        <div class="contact-form-area">
          <form method="POST"> {% csrf_token %}

            <h1 class="h3 mb-3 font-weight-normal">Atualizar senha</h1>

            <div class="row">

              <div class="col-12 col-lg-12">
                <input name="old_password" class="form-control border border-dark rounded" placeholder="Senha antiga"
                  type="password" id="id_old_password" required="true">
              </div>

              <div class="col-12 col-lg-12">

                <input name="new_password1" class="form-control border border-dark rounded" placeholder="Nova senha"
                  type="password" id="id_new_password1" required="true">
              </div>

              <div class="col-12 col-lg-12">

                <input name="new_password2" class="form-control border border-dark rounded"
                  placeholder="Confirmação de nova senha" type="password" id="id_new_password2" required="true">
              </div>

              <div class="col-12 col-lg-12">
                {% for field in form %}
                {% for error in field.errors %}
                <p style="color: red">{{ error }}</p>
                {% endfor %}
                {% endfor %}
              </div>

              <div class="col-12 col-lg-12">
                <button class="btn btn-lg btn btn-outline-dark border border-dark btn-block" type="submit">Atualizar
                  senha</button>
                <button class="btn btn-lg btn btn-outline-dark border border-dark btn-block" type="submit"
                  onclick="exibirTelaHome()">Voltar</button> <br> <br>
              </div>

            </div>

          </form>
        </div>
      </div>
    </div>
  </div>
</div>


<script>
  function exibirTelaHome() {
    location.href = "{% url 'index' %}";
  }
</script>


{% endblock %}