{
    "python.pythonPath": "c:\\Users\\laris\\Documents\\OPE\\desenvolvimentoOPE\\sistema\\golden\\venv\\Scripts\\python.exe"
}