{% load static %}
<!-- ##### Header Area Start ##### -->
<header class="header-area">

        <!-- Top Header Area -->
        <div class="top-header-area">
            <div class="container h-100">
                <div class="row h-100 align-items-center justify-content-between">
                    <!-- Breaking News -->
                    <div class="col-12 col-sm-6">
                        <div class="breaking-news">
                            <div id="breakingNewsTicker" class="ticker">
                                <ul>
                                    <li><a href="" style="color:black">Boas vindas!</a></li>
                                    <li><a href="" style="color:black">As melhores Blusas, Calças, Acessórios, Bonés e Cordões</a></li>
                                    <li><a href="" style="color:black">Você encontra aqui!</a></li>
                                    <li><a href="" style="color:black">GOLDEN BEAR COMPANY</a></li>
                                </ul>
                            </div>
                        </div>
                    </div>

                    <!-- Top Social Info -->
                    <div class="col-12 col-sm-6">
                        <div class="top-social-info text-right">

                            <a rel="noopener noreferrer" href="https://www.facebook.com/goldenbearcompany/" target="_blank"><i class="fa fa-facebook" aria-hidden="true" style="color:black"></i></a>

                            <a rel="noopener noreferrer" href="https://instagram.com/goldenbearcompany?igshid=ztaa1r9rtdic" target="_blank"><i class="fa fa-instagram" aria-hidden="true" style="color:black"></i></a>

                            <a href="{% url 'email' %}" target="_blank"><i class="fa fa-envelope" aria-hidden="true" style="color:black"></i>
                            </a>
                            <a href="" target="_blank" onclick="exibirTelefone()"><i class="fa fa-phone"aria-hidden="true" style="color:black"></i></a>

                            {% if user.is_authenticated %}
                            <span>Olá, <i class="fa fa-user" aria-hidden="true" style="color:black"></i> 
                                 {{ user.first_name }}, seja bem-vindo ao site da <br>GOLDEN BEAR
                                 <i class="fa fa-paw" aria-hidden="true"></i>
                                </span>
                            {% else %}
                            <span>Olá, seja bem-vindo ao site da GOLDEN BEAR
                                <i class="fa fa-paw" aria-hidden="true"></i>
                               </span>
                            {% endif %}

                        </div>
                    </div>
                </div>
            </div>
        </div>

        <!-- Navbar Area -->
        <div class="delicious-main-menu">
            <div class="classy-nav-container breakpoint-off">
                <div class="container">
                    <!-- Menu -->
                    <nav class="classy-navbar justify-content-between" id="deliciousNav">

                        <!-- Logo -->

                        <a class="nav-brand" href="{% url 'index' %}"><h5>Golden Bear <i class="fa fa-paw" aria-hidden="true" align="center"></i></h5></a>

                        <!-- Navbar Toggler -->
                        <div class="classy-navbar-toggler">
                            <span class="navbarToggler"><span></span><span></span><span></span></span>
                        </div>

                        <!-- Menu -->
                        <div class="classy-menu">

                            <!-- close btn -->
                            <div class="classycloseIcon">
                                <div class="cross-wrap"><span class="top"></span><span class="bottom"></span></div>
                            </div>

                            <!-- Nav Start -->
                            <div class="classynav col-12">
                                <ul>
                                    {% if user.is_authenticated %}

                                    <li><a href="{% url 'index' %}">Página principal <i class="fa fa-home" aria-hidden="true"></i></a></li>

                                    <li><a href="{% url 'sobre' %}">Sobre Nós <i class="fa fa-paw" aria-hidden="true"></i></a></li>

                                    <li><a href="{% url 'dashboard' %}">Meus Dados <i class="fa fa-info-circle" aria-hidden="true"></i></a></li>

                                    <li><a href="#">Carrinho <i class="fa fa-cart-arrow-down" aria-hidden="true"></i></a></li>

                                    <li><a href="{% url 'logout' %}">Logout <i class="fa fa-sign-out" aria-hidden="true"></i></a></li>

                                    {% else %}

                                    <li><a href="{% url 'index' %}">Página principal <i class="fa fa-home" aria-hidden="true"></i></a></li>

                                    <li><a href="{% url 'sobre' %}">Sobre Nós <i class="fa fa-paw" aria-hidden="true"></i></a></li>

                                    <li><a href="{% url 'cadastro' %}">Cadastro <i class="fa fa-registered" aria-hidden="true"></i></a></li>

                                    <li><a href="{% url 'login' %}">Login <i class="fa fa-sign-in" aria-hidden="true"></i></a></li>
                                    {% endif %}
                                </ul>

                                <!-- Formulario de busca -->
                                <div class="search-btn">
                                    {% if user.is_authenticated %}
                                    <i class="fa fa-search" aria-hidden="true" style="color:black"></i>
                                    {% endif %}
                                </div>
                                <!-- Formulario de busca -->

                            </div>
                            <!-- Nav End -->
                        </div>
                    </nav>
                </div>
            </div>
        </div>
    </header>
    <!-- ##### Header Area End ##### -->

<script>
    function exibirTelefone()
    {
            alert("Telefone: (11) 99217-6233")
    } 

    function exibirEmail()
    {
        alert("Email: goldenbearcompany@gmail.com")
    }
</script>