{% extends 'base.html' %}
{% load static %}
{% block content %}
{% include 'partials/_menu.html' %}

<!-- Receipe Content Area -->
<div class="receipe-content-area">
    <div class="container">
        <div class="row">

            <div class="alert alert-dark text-dark border border-dark" role="alert">
                <h2 class="text-left">Informações sobre os termos e condições de compra na GOLDEN BEAR COMPANY 
                    <i class="fa fa-registered" aria-hidden="true"></i>
                </h2><br>

                <h3>Termos e Condições de Compra e Venda de Golden Bear Company</h3>
                <hr/>

                <p class="text-justify" style="color:black">
                    Termos e Condições de Compra e Venda de Golden Bear Company, com sede na Rua Vicente Celestino - Jardim Sonia Maria, Mauá - SP, 09380-350, 
                    doravante denominada simplesmente Golden Bear Company, e, de outro lado, o cliente Golden Bear Company, 
                    qualificado no momento da compra dos produtos Golden Bear Company, doravante denominado simplesmente Cliente.<br><br>

                    Considerando que a Golden Bear Company realiza venda de produtos e serviços pela internet; 
                    Considerando o interesse do Cliente na compra dos produtos oferecidos pela Golden Bear Company ("Produtos") 
                    em seus canais de venda; O presente contrato tem por finalidade estabelecer as condições gerais de uso e compra 
                    de produtos e serviços do cliente do site Golden Bear Company. <br><br>

                    <strong>I.</strong> Confidencialidade: é de responsabilidade da Golden Bear Company a preservação da confidencialidade de todos os 
                    dados e informações fornecidos pelo Cliente no processo de compra. A segurança do site é auditada diariamente e 
                    garantida contra a ação de hackers, através do selo "Site Blindado".<br><br>

                    <strong>II.</strong> Serviço de Atendimento ao Cliente (SAC): O cliente dispõe desse serviço para sanar suas dúvidas, solucionar 
                    eventuais solicitações ou reclamações a respeito do seu pedido ou de qualquer conteúdo disponibilizado no site. 
                    O SAC poderá ser acionado por meio de telefone ou de formulário do site.<br><br>

                    <strong>III.</strong> Política de entrega: o prazo para entrega dos Produtos é informado durante o procedimento de compra, 
                    contabilizado em dias úteis. As entregas dos Produtos são realizadas de segunda a sexta-feira, das 8h às 22h. 
                    Excepcionalmente, algumas entregas de Produtos podem ocorrer aos sábados, domingos e feriados.<br><br>

                    <strong>III.I</strong> - A conferência da adequação das dimensões do produto é de responsabilidade do Cliente, que deverá se 
                    assegurar de que estas estão de acordo com os limites espaciais dos elevadores, portas e corredores do local da 
                    entrega. Não será realizada a montagem ou desmontagem do produto, transporte pela escada e/ou portas e janelas, 
                    ou içamento das entregas.<br><br>

                    <strong>III.II</strong> - Serão realizadas até três tentativas de entrega no local informado, em dias alternados, com intervalo de 
                    até 48h entre uma entrega e outra. É indispensável que, no endereço solicitado, haja uma pessoa autorizada pelo 
                    comprador, maior de 18 anos, e portando documento de identificação para receber a mercadoria e assinar o protocolo 
                    de entrega. Se houver três tentativas de entrega sem sucesso, o pedido retornará para o Centro de Distribuição da 
                    Golden Bear Company.<br><br>

                    <strong>III.III</strong> - Após a finalização do pedido não é possível alterar a forma de pagamento e/ou endereço de entrega, 
                    solicitar adiantamento ou, ainda, prioridade da entrega.<br><br>

                    <strong>III.IV</strong> - O prazo de entrega informado durante o procedimento de compra do Produto leva em consideração o estoque, 
                    a região, o processo de emissão da nota fiscal e o tempo de preparo do produto. A cada atualização no status de 
                    entrega do pedido, o sistema da Golden Bear Company envia, automaticamente, e-mails de alerta para o Cliente.<br><br>

                    <strong>III.V</strong> - O valor do frete da entrega é calculado com base no local de entrega, peso e dimensões do Produto.<br><br>

                    <strong>III.VI</strong> - A Golden Bear Company não autoriza a transportadora a: entrar no domicílio; entregar por meios alternativos 
                    (exemplo: içar produto por janela); realizar instalação ou manutenção de produtos; abrir a embalagem do produto; 
                    realizar entrega em endereço diferente do que consta no DANFE; realizar entrega a menor de idade ou sem documento de 
                    identificação.<br><br>

                    <strong>III.VII</strong> - A Golden Bear Company não se responsabiliza pela retenção de mercadorias na SEFAZ quando esta se dever 
                    exclusivamente a pendências do cliente, sendo, portanto, necessário seu comparecimento no posto fiscal para que a 
                    mercadoria seja liberada, tendo em vista que nestes casos as informações referentes a liberações e pagamentos só 
                    são passadas aos interessados.<br><br>

                    <strong>IV.</strong> Direito de arrependimento: ao Cliente será facultado o exercício do direito de arrependimento da compra, com a 
                    finalidade de devolução do Produto, hipótese na qual deverão ser observadas as seguintes condições: o prazo de 
                    desistência da compra do produto é de até 7 (sete) dias corridos, a contar da data do recebimento; em caso de devolução, 
                    o produto deverá ser devolvido à Golden Bear Company na embalagem original, acompanhado do DANFE (Documento Auxiliar da 
                    Nota Fiscal Eletrônica), do manual e de todos os seus acessórios.<br><br>

                    <strong>IV.I</strong> - O Cliente deverá solicitar a devolução através do Serviço de Atendimento ao Cliente (SAC) ou diretamente no 
                    Painel de Controle, no tópico "cancelar pedido". As despesas decorrentes de coleta ou postagem do Produto serão custeadas 
                    pela Golden Bear Company.<br><br>

                    <strong>IV.II</strong> - Após a chegada do produto ao Centro de Distribuição, a Golden Bear Company verificará se as condições supra citadas 
                    foram atendidas. Em caso afirmativo, providenciará a restituição no valor total da compra.<br><br>

                    <strong>IV.III</strong> - Em compras com cartão de crédito a administradora do cartão será notificada e o estorno ocorrerá na fatura seguinte 
                    ou na posterior, de uma só vez, seja qual for o número de parcelas utilizado na compra. O prazo de ressarcimento e, ainda, 
                    a cobrança das parcelas remanescentes após o estorno integral do valor do Produto no cartão de crédito do Cliente realizado 
                    pela Golden Bear Company, é de responsabilidade da administradora do cartão. Na hipótese de cobrança de parcelas futuras pela 
                    administradora do cartão, o Cliente não será onerado, vez que a Golden Bear Company, conforme mencionado acima, realiza o estorno 
                    do valor integral do Produto em uma única vez, sendo o crédito referente ao estorno concedido integralmente pela administradora do 
                    cartão na fatura de cobrança subsequente ao mês do cancelamento.<br><br>

                    <strong>IV.IV</strong> - Em compras pagas com boleto bancário ou débito em conta, a restituição será efetuada por meio de depósito bancário, 
                    em até 10 (dez) dias úteis, somente na conta corrente do(a) comprador(a), que deve ser individual. É necessário que o CPF do 
                    titular da conta corrente.<br><br>
                </p>


                {% if user.is_authenticated %}
                <p class="m-auto p-2">
                    <a href="{% url 'carrinho' %}"> 
                        <button class="alert-link btn btn-block btn-link" type="submit">
                            Voltar para o carrinho de compras
                        </button>
                    </a>
                </p>
                {% else %}
                <p class="m-auto p-2">
                    <a href="{% url 'sobre' %}"> 
                        <button class="alert-link btn btn-block btn-link" type="submit">
                            Voltar para a página sobre nós
                        </button>
                    </a>
                </p>
                {% endif %}
            </div>
        </div>
    </div>
</div>

{% include 'partials/_footer.html' %}
{% endblock %}